// Jest Snapshot v1, https://goo.gl/fbAQLP

exports[`views/Home renders 1`] = `
<section>
  <styled.section>
    <styled.h1
      data-test="title"
    >
      Hi there, I'm Hanna!
      <br />
      I build web applications. :-)
    </styled.h1>
  </styled.section>
  <SocialMedia />
  <styled.section>
    <styled.div />
    <div>
      <styled.h2>
        About me
      </styled.h2>
      <styled.p>
        As a kid I dreamed of being an inventor, creating really cool machines and find solutions to problems people couldn’t imagine.
      </styled.p>
      <styled.p>
        I grew up, someone made the Internet and I eventually became a web developer.
      </styled.p>
      <styled.p>
        Now I work with teams building awesome web applications and find really cool solutions to problems most people can’t imagine! ;)
      </styled.p>
      <styled.p>
        Want more specific examples and details?
         
        <Link
          replace={false}
          to="/experience"
        >
          Check out my experience
        </Link>
        .
      </styled.p>
    </div>
  </styled.section>
  <styled.section>
    <styled.article>
      <styled.img
        alt="Kristina Herngren"
        src="kristina.jpg"
      />
      <styled.p>
        <em>
          "I have worked with Hanna in groups developing business culture and structure. Hanna is keen and responsive, smart and engaged and her presence strongly contributes to the experience of working at Iteam."
        </em>
      </styled.p>
      <styled.p>
        Kristina Herngren
        <br />
        Agency Director at Iteam Solutions AB
      </styled.p>
    </styled.article>
  </styled.section>
</section>
`;
