// Jest Snapshot v1, https://goo.gl/fbAQLP

exports[`views/News renders when no content 1`] = `
<React.Fragment>
  <MainHeader
    darkColor={true}
  />
  <React.Fragment>
    <Styled(styled.div)>
      <styled.h2>
        Loading content...
      </styled.h2>
    </Styled(styled.div)>
    <LoadingSpinner />
  </React.Fragment>
  <MainFooter />
</React.Fragment>
`;

exports[`views/News renders with content 1`] = `
<React.Fragment>
  <MainHeader
    darkColor={true}
  />
  <styled.div>
    <styled.section>
      <styled.article
        className="first"
        data-test="article"
        key="1"
      >
        <styled.h1
          dangerouslySetInnerHTML={
            Object {
              "__html": "Hello",
            }
          }
        />
        <Styled(styled.small)
          dangerouslySetInnerHTML={
            Object {
              "__html": "Invalid Date",
            }
          }
        />
        <main
          dangerouslySetInnerHTML={
            Object {
              "__html": "<p>Hello world</p>",
            }
          }
        />
      </styled.article>
    </styled.section>
  </styled.div>
  <MainFooter />
</React.Fragment>
`;
