// Jest Snapshot v1, https://goo.gl/fbAQLP

exports[`components/MainHeader renders 1`] = `
<styled.header>
  <styled.div
    maxWidth="1340px"
  >
    <Logo
      inHeader={true}
    />
    <MainNavigation
      currentPath="/"
    />
    <SocialMedia
      inHeader={true}
    />
  </styled.div>
</styled.header>
`;
