// Jest Snapshot v1, https://goo.gl/fbAQLP

exports[`components/MainFooter renders 1`] = `
<styled.footer>
  <Styled(styled.div)
    maxWidth="1340px"
  >
    <styled.div>
      <Logo
        darkColor={true}
      />
    </styled.div>
    <SocialMedia
      darkColor={true}
    />
  </Styled(styled.div)>
</styled.footer>
`;
