// Jest Snapshot v1, https://goo.gl/fbAQLP

exports[`views/Contact renders 1`] = `
<React.Fragment>
  <MainHeader
    darkColor={true}
  />
  <styled.div
    column={true}
    maxWidth="970px"
  >
    <styled.section>
      <styled.div>
        <Styled(styled.h1)>
          Contact
        </Styled(styled.h1)>
        <styled.p>
          The best way to reach me is via email.
        </styled.p>
        <styled.p>
          <a
            href="mailto:contact@hannasoderstrom.com"
          >
            contact@hannasoderstrom.com
          </a>
        </styled.p>
      </styled.div>
      <styled.div>
        <styled.img
          alt="Hanna"
          src="hanna2018.jpg"
        />
      </styled.div>
    </styled.section>
  </styled.div>
  <MainFooter />
</React.Fragment>
`;
