// Jest Snapshot v1, https://goo.gl/fbAQLP

exports[`views/Recently renders when no content 1`] = `
<styled.div>
  <styled.section />
</styled.div>
`;

exports[`views/Recently renders with content 1`] = `
<styled.div>
  <styled.section>
    <styled.article
      className="first"
      data-test="article"
      key="1"
    >
      <Styled(Link)
        to="recently/undefined"
      >
        <styled.h2
          dangerouslySetInnerHTML={
            Object {
              "__html": "Hello",
            }
          }
        />
        <img
          alt="Hello"
          src="http://www.image.com/image01.jpg"
        />
        <styled.small
          dangerouslySetInnerHTML={
            Object {
              "__html": "Invalid Date",
            }
          }
        />
        <main
          dangerouslySetInnerHTML={
            Object {
              "__html": "<p>Hello</p>",
            }
          }
        />
      </Styled(Link)>
    </styled.article>
  </styled.section>
</styled.div>
`;
