// Jest Snapshot v1, https://goo.gl/fbAQLP

exports[`views/Work renders 1`] = `
<React.Fragment>
  <MainHeader
    darkColor={true}
  />
  <styled.div
    column={true}
  >
    <styled.article>
      <header>
        <Styled(styled.img)
          alt="Iteam"
          maxWidth="365px"
          src="iteam.png"
        />
        <styled.div>
          Frontend Developer
        </styled.div>
        <styled.small>
          August 2016 - August 2018
        </styled.small>
      </header>
      <styled.main>
        <styled.p>
          Culture, value and fun is the keywords for Iteam, where I worked as a Web Developer. We worked in an agile manner, in self-organizing teams and in close relationship with our clients, to bring them value. Not only with technology, but with culture as well. Our core values - to produce value, to have fun and to do good - influenced not only our daily work, but the clients we took on, the projects we choose to be a part of and therefore also the dedication and eagerness with which we produced really great results for a wide range of businesses.
        </styled.p>
        <styled.p>
          My roles was primarily focused on frontend development, using technologies such as:
        </styled.p>
        <styled.section>
          <styled.img
            alt="JavaScript"
            maxWidth="60"
            src="js.svg"
          />
          <styled.img
            alt="React"
            maxWidth="110"
            src="react.png"
          />
          <styled.img
            alt="React Native"
            maxWidth="180"
            src="reactnative.png"
          />
          <styled.img
            alt="Vue"
            maxWidth="50"
            src="vue.svg"
          />
          <styled.img
            alt="NodeJS"
            maxWidth="120"
            src="node.png"
          />
          <styled.img
            alt="Webpack"
            maxWidth="210"
            src="webpack.png"
          />
        </styled.section>
        <styled.p>
          I grew in skill a great deal during the last year through my daily and continuous work with cutting edge technologies, working with really experienced and talented people in all areas of web development.
        </styled.p>
        <styled.section>
          <styled.img
            alt="Taxi Stockholm"
            maxWidth="120"
            src="taxisthlm.png"
          />
          <styled.img
            alt="Doctors Without Borders"
            maxWidth="200"
            src="msf.png"
          />
          <styled.img
            alt="Vimla"
            maxWidth="170"
            src="vimla.png"
          />
        </styled.section>
      </styled.main>
    </styled.article>
    <styled.article>
      <header>
        <Styled(styled.img)
          alt="Widespace"
          maxWidth="480px"
          src="widespace.png"
        />
        <styled.div>
          Web Designer & Developer
        </styled.div>
        <styled.small>
          February 2015 - August 2016
        </styled.small>
      </header>
      <styled.main>
        <styled.p>
          Widespace provides a platform for mobile advertising all over Europe, connecting publishers with advertisers.
        </styled.p>
        <styled.p>
          I worked in the Studio team, a group with a wide range of skills doing everything from producing ads and new creative mobile ad formats to optimizing ads from other medias for the mobile platform.
        </styled.p>
        <styled.p>
          We worked daily with very short deadlines, 100% performance accountability and served the greatest brands there is, our ads shown to millions of people daily and on the most saught after ad-spots. We focused not only on making ads seen but also to be engaging and fun with all the tools and sensors of modern mobile phones at our disposal.
        </styled.p>
        <styled.p>
          Since the mobile web depends on small sized content, we used mainly vanilla JavaScript with few additional tools unless we could build them ourselves.
        </styled.p>
        <styled.section>
          <styled.img
            alt="JavaScript"
            maxWidth="70"
            src="js.svg"
          />
          <styled.img
            alt="HTML5"
            maxWidth="95"
            src="html5.svg"
          />
          <styled.img
            alt="CSS3"
            maxWidth="70"
            src="css3.svg"
          />
          <styled.img
            alt="Photoshop"
            maxWidth="70"
            src="ps.png"
          />
          <styled.img
            alt="Premiere"
            maxWidth="70"
            src="pr.png"
          />
          <styled.img
            alt="PHP"
            maxWidth="150"
            src="php.png"
          />
        </styled.section>
        <styled.p>
          We worked with hundreds of famous brands. These are just the ones at the top of my head:
        </styled.p>
        <styled.section>
          <styled.img
            alt="CocaCola"
            maxWidth="140"
            src="cocacola.png"
          />
          <styled.img
            alt="Pepsi"
            maxWidth="120"
            src="pepsi.png"
          />
          <styled.img
            alt="Mercedes-Benz"
            maxWidth="160"
            src="mercedes.png"
          />
          <styled.img
            alt="CaptainMorgan"
            maxWidth="100"
            src="captainmorgan.jpg"
          />
          <styled.img
            alt="GameOfThrones"
            maxWidth="150"
            src="got.png"
          />
          <styled.img
            alt="BBC"
            maxWidth="120"
            src="bbc.png"
          />
          <styled.img
            alt="Reuters"
            maxWidth="150"
            src="reuters.png"
          />
          <styled.img
            alt="Adidas"
            maxWidth="110"
            src="adidas.png"
          />
          <styled.img
            alt="BurgerKing"
            maxWidth="100"
            src="burgerking.png"
          />
          <styled.img
            alt="McDonalds"
            maxWidth="120"
            src="mcdonalds.png"
          />
          <styled.img
            alt="CK"
            maxWidth="120"
            src="ck.png"
          />
          <styled.img
            alt="Head and Shoulders"
            maxWidth="130"
            src="headandshoulders.png"
          />
        </styled.section>
      </styled.main>
    </styled.article>
    <styled.article>
      <header>
        <Styled(styled.img)
          alt="Hanna Söderström"
          maxWidth="400px"
          src="hannasoderstrom.png"
        />
        <styled.div>
          Web Designer & Developer
        </styled.div>
        <styled.small>
          January 2012 - February 2015
        </styled.small>
      </header>
      <styled.main>
        <styled.p>
          My history with design and graphics actually goes all the way back to when I was twelve and first came in contact with Photoshop (version 5 at the time).
        </styled.p>
        <styled.p>
          Even before that I was drawing and writing music, learning to play several different instruments (trombone, piano, drums). I come from a very creative family and music and artistic creativity has always been close to my heart.
        </styled.p>
        <styled.p>
          I started out my career on the web designing websites and gradually learning how to adapt and later create my own WordPress-themes from scratch.
        </styled.p>
        <styled.section>
          <styled.img
            alt="HTML5"
            maxWidth="95"
            src="html5.svg"
          />
          <styled.img
            alt="CSS3"
            maxWidth="70"
            src="css3.svg"
          />
          <styled.img
            alt="PHP"
            maxWidth="150"
            src="php.png"
          />
          <styled.img
            alt="WordPress"
            maxWidth="100"
            src="wordpress.svg"
          />
          <styled.img
            alt="Photoshop"
            maxWidth="70"
            src="ps.png"
          />
        </styled.section>
        <styled.p>
          I made a lot of websites for all sort of smaller businesses, models, artists and other clients in need of portfolios and similar websites.
        </styled.p>
        <styled.p>
          Here are a few of the more noteworthy:
        </styled.p>
        <styled.article>
          <header>
            <styled.h3>
              <strong>
                Starfucked
              </strong>
               | Fetish Model
            </styled.h3>
            <em>
              Design and building of WordPress Theme
            </em>
          </header>
          <main>
            <img
              alt="Starfucked"
              src="starfucked.png"
              width="100%"
            />
          </main>
          <footer>
            <styled.span>
              2014
            </styled.span>
            <styled.span>
              Design
            </styled.span>
            <styled.span>
              WordPress
            </styled.span>
            <styled.span>
              PHP
            </styled.span>
            <styled.span>
              HTML
            </styled.span>
            <styled.span>
              CSS
            </styled.span>
            <styled.span>
              Responsive
            </styled.span>
          </footer>
        </styled.article>
        <styled.article>
          <header>
            <styled.h3>
              <strong>
                Chris Poland
              </strong>
               | Guitar Player, Artist
            </styled.h3>
            <em>
              Design and building of WordPress Theme based on album cover
            </em>
          </header>
          <main>
            <img
              alt="Chris Poland"
              src="chrispoland.png"
              width="100%"
            />
          </main>
          <footer>
            <styled.span>
              2012
            </styled.span>
            <styled.span>
              Design
            </styled.span>
            <styled.span>
              WordPress
            </styled.span>
            <styled.span>
              PHP
            </styled.span>
            <styled.span>
              MySQL
            </styled.span>
            <styled.span>
              HTML
            </styled.span>
            <styled.span>
              CSS
            </styled.span>
          </footer>
        </styled.article>
        <styled.article>
          <header>
            <styled.h3>
              <strong>
                Billy Lundevall
              </strong>
               | Illustrator, 3D Artist
            </styled.h3>
            <em>
              Design and building of WordPress Theme
            </em>
          </header>
          <main>
            <img
              alt="Billy Lundevall"
              src="billylundevall.png"
              width="100%"
            />
          </main>
          <footer>
            <styled.span>
              2013
            </styled.span>
            <styled.span>
              WordPress
            </styled.span>
            <styled.span>
              HTML
            </styled.span>
            <styled.span>
              CSS
            </styled.span>
          </footer>
        </styled.article>
        <styled.article>
          <header>
            <styled.h3>
              <strong>
                rde Connects
              </strong>
               | Connectors for advanced technical equipment
            </styled.h3>
            <em>
              Design and building of Website and Administration System for Searchable Catalog
            </em>
          </header>
          <main>
            <img
              alt="rde Connects"
              src="rde.png"
              width="100%"
            />
          </main>
          <footer>
            <styled.span>
              2013
            </styled.span>
            <styled.span>
              2014
            </styled.span>
            <styled.span>
              Design
            </styled.span>
            <styled.span>
              PHP
            </styled.span>
            <styled.span>
              MySQL
            </styled.span>
            <styled.span>
              jQuery
            </styled.span>
            <styled.span>
              GoogleAPI
            </styled.span>
            <styled.span>
              HTML
            </styled.span>
            <styled.span>
              CSS
            </styled.span>
          </footer>
        </styled.article>
        <styled.article>
          <header>
            <styled.h3>
              <strong>
                Daniel Kopp
              </strong>
               | 3D/VFX Artist
            </styled.h3>
            <em>
              Design and building of Website
            </em>
          </header>
          <main>
            <img
              alt="Daniel Kopp"
              src="danielkopp.png"
              width="100%"
            />
          </main>
          <footer>
            <styled.span>
              2013
            </styled.span>
            <styled.span>
              Design
            </styled.span>
            <styled.span>
              WordPress
            </styled.span>
            <styled.span>
              PHP
            </styled.span>
            <styled.span>
              MySQL
            </styled.span>
            <styled.span>
              HTML
            </styled.span>
            <styled.span>
              CSS
            </styled.span>
            <styled.span>
              Responsive
            </styled.span>
          </footer>
        </styled.article>
      </styled.main>
    </styled.article>
  </styled.div>
  <MainFooter />
</React.Fragment>
`;
