// Jest Snapshot v1, https://goo.gl/fbAQLP

exports[`components/SocialMediaSmall renders 1`] = `
<styled.section>
  <ul>
    <li>
      <a
        href="https://github.com/gothbarbie/hannasoderstrom.com-2018"
      >
        <styled.i
          className="fab fa-github"
        />
      </a>
    </li>
    <li>
      <a
        href="https://www.linkedin.com/in/hannasoderstromwebdev/"
      >
        <styled.i
          className="fab fa-linkedin"
        />
      </a>
    </li>
    <li>
      <a
        href="https://medium.com/@gothbarbie84"
      >
        <styled.i
          className="fab fa-medium"
        />
      </a>
    </li>
  </ul>
</styled.section>
`;
